// Jest Snapshot v1, https://goo.gl/fbAQLP

exports[`Pruebas en el componente GifItem Debe hacer match con el snapshot 1`] = `
<div>
  <div
    class="card"
  >
    <p>
      Hola mundo
    </p>
    <img
      alt="Hola mundo"
      src="https://www.holamundo.com/"
    />
  </div>
</div>
`;
